*****************************************************************
      SolidWorks Corporation - IGES Processor Status Report
*****************************************************************
=================================================================
General Information
=================================================================
Sending System Product I.D.  : Tire.SLDPRT
Receiving System Product I.D.: Tire.SLDPRT
File Name                    : E:\SW Course Development\EDU Course\Mountainboard files\Wheel\Tire.IGS
Sending System               : SolidWorks 2004 by SolidWorks Corporation
Preprocessor Version         : Version 5.3
File Creation Date           : 040304.171600
Model Creation Date          : 
Units                        : IN
Model Space Scale            : 1
Author                       : Jim
Organization                 : 


=================================================================
Entity Processing Information
=================================================================


=================================================================
Precision analysis of IGES file:
=================================================================
  Most prevalent number of significant digits:              10
  Highest number of significant digits:                     11
  Average number of significant digits:                9.65133
  Maximum distance to origin:                          41.0286
  Minimum distance to origin:                                0
  Effective number of significant digits:                   11


=================================================================
Entity Summary
=================================================================
-----------------------------------------------------------------
Type Name                                         Count Converted
---- ----                                         ----- ---------
100  Arc                                            104       104
102  Composite curve                               4792      4792
110  Line                                           296       296
120  Surface of revolution                            4         4
124  Transformation matrix                           84        84
126  Rational B-spline curve                      22424     22424
128  Rational B-spline surface                     2146      2146
142  Curve on a parametric surface                 2396      2396
144  Trimmed parametric surface                    2150      2150
314  Color definition                                11        11
_________________________________________________________________


=================================================================
Result Summary
=================================================================
SolidWorks Feature Type                Count
-----------------------                -----
Solid feature(s)                       1
Surface feature(s)                     0
Curve/Sketch feature(s)                0
--------------------------------------------
Start time: Wednesday, January 24, 2007 18:43:40
Finish time: Wednesday, January 24, 2007 18:46:10
Processing time: 0 days, 00 hours, 02 mins, 30 secs
